[0.415s] DEBUG:colcon:Command line arguments: ['/usr/bin/colcon', 'build']
[0.415s] DEBUG:colcon:Parsed command line arguments: Namespace(log_base=None, log_level=None, verb_name='build', build_base='build', install_base='install', merge_install=False, symlink_install=False, test_result_base=None, continue_on_error=False, executor='parallel', parallel_workers=4, event_handlers=None, ignore_user_meta=False, metas=['./colcon.meta'], base_paths=['.'], packages_ignore=None, packages_ignore_regex=None, paths=None, packages_up_to=None, packages_up_to_regex=None, packages_above=None, packages_above_and_dependencies=None, packages_above_depth=None, packages_select_by_dep=None, packages_skip_by_dep=None, packages_skip_up_to=None, packages_select_build_failed=False, packages_skip_build_finished=False, packages_select_test_failures=False, packages_skip_test_passed=False, packages_select=None, packages_skip=None, packages_select_regex=None, packages_skip_regex=None, packages_start=None, packages_end=None, allow_overriding=[], cmake_args=None, cmake_target=None, cmake_target_skip_unavailable=False, cmake_clean_cache=False, cmake_clean_first=False, cmake_force_configure=False, ament_cmake_args=None, catkin_cmake_args=None, catkin_skip_building_tests=False, mixin_files=None, mixin=None, verb_parser=<colcon_mixin.mixin.mixin_argument.MixinArgumentDecorator object at 0x7f119d99c5f0>, verb_extension=<colcon_core.verb.build.BuildVerb object at 0x7f119d99c2c0>, main=<bound method BuildVerb.main of <colcon_core.verb.build.BuildVerb object at 0x7f119d99c2c0>>, mixin_verb=('build',))
[0.683s] Level 1:colcon.colcon_core.package_discovery:discover_packages(colcon_meta) check parameters
[0.683s] Level 1:colcon.colcon_core.package_discovery:discover_packages(recursive) check parameters
[0.683s] Level 1:colcon.colcon_core.package_discovery:discover_packages(ignore) check parameters
[0.683s] Level 1:colcon.colcon_core.package_discovery:discover_packages(path) check parameters
[0.683s] Level 1:colcon.colcon_core.package_discovery:discover_packages(colcon_meta) discover
[0.683s] Level 1:colcon.colcon_core.package_discovery:discover_packages(recursive) discover
[0.683s] INFO:colcon.colcon_core.package_discovery:Crawling recursively for packages in '/home/anik-fouzder/MT2026_TASK_ANIK-FOUZDER_AUTONOMOUS'
[0.683s] Level 1:colcon.colcon_core.package_identification:_identify(.) by extensions ['ignore', 'ignore_ament_install']
[0.683s] Level 1:colcon.colcon_core.package_identification:_identify(.) by extension 'ignore'
[0.684s] Level 1:colcon.colcon_core.package_identification:_identify(.) by extension 'ignore_ament_install'
[0.684s] Level 1:colcon.colcon_core.package_identification:_identify(.) by extensions ['colcon_pkg']
[0.684s] Level 1:colcon.colcon_core.package_identification:_identify(.) by extension 'colcon_pkg'
[0.684s] Level 1:colcon.colcon_core.package_identification:_identify(.) by extensions ['colcon_meta']
[0.684s] Level 1:colcon.colcon_core.package_identification:_identify(.) by extension 'colcon_meta'
[0.684s] Level 1:colcon.colcon_core.package_identification:_identify(.) by extensions ['ros']
[0.684s] Level 1:colcon.colcon_core.package_identification:_identify(.) by extension 'ros'
[0.718s] Level 1:colcon.colcon_core.package_identification:_identify(.) by extensions ['cmake', 'python']
[0.718s] Level 1:colcon.colcon_core.package_identification:_identify(.) by extension 'cmake'
[0.718s] Level 1:colcon.colcon_core.package_identification:_identify(.) by extension 'python'
[0.718s] Level 1:colcon.colcon_core.package_identification:_identify(.) by extensions ['python_setup_py']
[0.718s] Level 1:colcon.colcon_core.package_identification:_identify(.) by extension 'python_setup_py'
[0.719s] Level 1:colcon.colcon_core.package_identification:_identify(build) by extensions ['ignore', 'ignore_ament_install']
[0.719s] Level 1:colcon.colcon_core.package_identification:_identify(build) by extension 'ignore'
[0.719s] Level 1:colcon.colcon_core.package_identification:_identify(build) ignored
[0.719s] Level 1:colcon.colcon_core.package_identification:_identify(install) by extensions ['ignore', 'ignore_ament_install']
[0.719s] Level 1:colcon.colcon_core.package_identification:_identify(install) by extension 'ignore'
[0.719s] Level 1:colcon.colcon_core.package_identification:_identify(install) ignored
[0.719s] Level 1:colcon.colcon_core.package_identification:_identify(log) by extensions ['ignore', 'ignore_ament_install']
[0.719s] Level 1:colcon.colcon_core.package_identification:_identify(log) by extension 'ignore'
[0.719s] Level 1:colcon.colcon_core.package_identification:_identify(log) ignored
[0.720s] Level 1:colcon.colcon_core.package_identification:_identify(src) by extensions ['ignore', 'ignore_ament_install']
[0.720s] Level 1:colcon.colcon_core.package_identification:_identify(src) by extension 'ignore'
[0.720s] Level 1:colcon.colcon_core.package_identification:_identify(src) by extension 'ignore_ament_install'
[0.720s] Level 1:colcon.colcon_core.package_identification:_identify(src) by extensions ['colcon_pkg']
[0.720s] Level 1:colcon.colcon_core.package_identification:_identify(src) by extension 'colcon_pkg'
[0.720s] Level 1:colcon.colcon_core.package_identification:_identify(src) by extensions ['colcon_meta']
[0.720s] Level 1:colcon.colcon_core.package_identification:_identify(src) by extension 'colcon_meta'
[0.720s] Level 1:colcon.colcon_core.package_identification:_identify(src) by extensions ['ros']
[0.720s] Level 1:colcon.colcon_core.package_identification:_identify(src) by extension 'ros'
[0.720s] Level 1:colcon.colcon_core.package_identification:_identify(src) by extensions ['cmake', 'python']
[0.720s] Level 1:colcon.colcon_core.package_identification:_identify(src) by extension 'cmake'
[0.720s] Level 1:colcon.colcon_core.package_identification:_identify(src) by extension 'python'
[0.720s] Level 1:colcon.colcon_core.package_identification:_identify(src) by extensions ['python_setup_py']
[0.720s] Level 1:colcon.colcon_core.package_identification:_identify(src) by extension 'python_setup_py'
[0.720s] Level 1:colcon.colcon_core.package_identification:_identify(src/turtlesim_astar_v_shitty) by extensions ['ignore', 'ignore_ament_install']
[0.721s] Level 1:colcon.colcon_core.package_identification:_identify(src/turtlesim_astar_v_shitty) by extension 'ignore'
[0.721s] Level 1:colcon.colcon_core.package_identification:_identify(src/turtlesim_astar_v_shitty) by extension 'ignore_ament_install'
[0.721s] Level 1:colcon.colcon_core.package_identification:_identify(src/turtlesim_astar_v_shitty) by extensions ['colcon_pkg']
[0.721s] Level 1:colcon.colcon_core.package_identification:_identify(src/turtlesim_astar_v_shitty) by extension 'colcon_pkg'
[0.721s] Level 1:colcon.colcon_core.package_identification:_identify(src/turtlesim_astar_v_shitty) by extensions ['colcon_meta']
[0.721s] Level 1:colcon.colcon_core.package_identification:_identify(src/turtlesim_astar_v_shitty) by extension 'colcon_meta'
[0.721s] Level 1:colcon.colcon_core.package_identification:_identify(src/turtlesim_astar_v_shitty) by extensions ['ros']
[0.721s] Level 1:colcon.colcon_core.package_identification:_identify(src/turtlesim_astar_v_shitty) by extension 'ros'
[0.740s] DEBUG:colcon.colcon_core.package_identification:Package 'src/turtlesim_astar_v_shitty' with type 'ros.ament_cmake' and name 'turtlesim_astar_v_shitty'
[0.740s] Level 1:colcon.colcon_core.package_discovery:discover_packages(recursive) using defaults
[0.740s] Level 1:colcon.colcon_core.package_discovery:discover_packages(ignore) discover
[0.740s] Level 1:colcon.colcon_core.package_discovery:discover_packages(ignore) using defaults
[0.740s] Level 1:colcon.colcon_core.package_discovery:discover_packages(path) discover
[0.740s] Level 1:colcon.colcon_core.package_discovery:discover_packages(path) using defaults
[0.955s] Level 1:colcon.colcon_core.package_discovery:discover_packages(prefix_path) check parameters
[0.955s] Level 1:colcon.colcon_core.package_discovery:discover_packages(prefix_path) discover
[0.961s] DEBUG:colcon.colcon_installed_package_information.package_discovery:Found 341 installed packages in /opt/ros/jazzy
[0.963s] Level 1:colcon.colcon_core.package_discovery:discover_packages(prefix_path) using defaults
[1.048s] Level 5:colcon.colcon_core.verb:set package 'turtlesim_astar_v_shitty' build argument 'cmake_args' from command line to 'None'
[1.048s] Level 5:colcon.colcon_core.verb:set package 'turtlesim_astar_v_shitty' build argument 'cmake_target' from command line to 'None'
[1.048s] Level 5:colcon.colcon_core.verb:set package 'turtlesim_astar_v_shitty' build argument 'cmake_target_skip_unavailable' from command line to 'False'
[1.048s] Level 5:colcon.colcon_core.verb:set package 'turtlesim_astar_v_shitty' build argument 'cmake_clean_cache' from command line to 'False'
[1.048s] Level 5:colcon.colcon_core.verb:set package 'turtlesim_astar_v_shitty' build argument 'cmake_clean_first' from command line to 'False'
[1.048s] Level 5:colcon.colcon_core.verb:set package 'turtlesim_astar_v_shitty' build argument 'cmake_force_configure' from command line to 'False'
[1.048s] Level 5:colcon.colcon_core.verb:set package 'turtlesim_astar_v_shitty' build argument 'ament_cmake_args' from command line to 'None'
[1.048s] Level 5:colcon.colcon_core.verb:set package 'turtlesim_astar_v_shitty' build argument 'catkin_cmake_args' from command line to 'None'
[1.048s] Level 5:colcon.colcon_core.verb:set package 'turtlesim_astar_v_shitty' build argument 'catkin_skip_building_tests' from command line to 'False'
[1.048s] DEBUG:colcon.colcon_core.verb:Building package 'turtlesim_astar_v_shitty' with the following arguments: {'ament_cmake_args': None, 'build_base': '/home/anik-fouzder/MT2026_TASK_ANIK-FOUZDER_AUTONOMOUS/build/turtlesim_astar_v_shitty', 'catkin_cmake_args': None, 'catkin_skip_building_tests': False, 'cmake_args': None, 'cmake_clean_cache': False, 'cmake_clean_first': False, 'cmake_force_configure': False, 'cmake_target': None, 'cmake_target_skip_unavailable': False, 'install_base': '/home/anik-fouzder/MT2026_TASK_ANIK-FOUZDER_AUTONOMOUS/install/turtlesim_astar_v_shitty', 'merge_install': False, 'path': '/home/anik-fouzder/MT2026_TASK_ANIK-FOUZDER_AUTONOMOUS/src/turtlesim_astar_v_shitty', 'symlink_install': False, 'test_result_base': None}
[1.048s] INFO:colcon.colcon_core.executor:Executing jobs using 'parallel' executor
[1.050s] DEBUG:colcon.colcon_parallel_executor.executor.parallel:run_until_complete
[1.050s] INFO:colcon.colcon_ros.task.ament_cmake.build:Building ROS package in '/home/anik-fouzder/MT2026_TASK_ANIK-FOUZDER_AUTONOMOUS/src/turtlesim_astar_v_shitty' with build type 'ament_cmake'
[1.050s] INFO:colcon.colcon_cmake.task.cmake.build:Building CMake package in '/home/anik-fouzder/MT2026_TASK_ANIK-FOUZDER_AUTONOMOUS/src/turtlesim_astar_v_shitty'
[1.077s] INFO:colcon.colcon_core.plugin_system:Skipping extension 'colcon_core.shell.bat': Not used on non-Windows systems
[1.077s] INFO:colcon.colcon_core.shell:Skip shell extension 'powershell' for command environment: Not usable outside of PowerShell
[1.078s] DEBUG:colcon.colcon_core.shell:Skip shell extension 'dsv' for command environment
[1.099s] DEBUG:colcon.colcon_core.event_handler.log_command:Invoking command in '/home/anik-fouzder/MT2026_TASK_ANIK-FOUZDER_AUTONOMOUS/build/turtlesim_astar_v_shitty': CMAKE_PREFIX_PATH=${CMAKE_PREFIX_PATH}:/opt/ros/jazzy DEBUGINFOD_URLS=https://debuginfod.ubuntu.com /usr/bin/cmake /home/anik-fouzder/MT2026_TASK_ANIK-FOUZDER_AUTONOMOUS/src/turtlesim_astar_v_shitty -DCMAKE_INSTALL_PREFIX=/home/anik-fouzder/MT2026_TASK_ANIK-FOUZDER_AUTONOMOUS/install/turtlesim_astar_v_shitty
[3.666s] DEBUG:colcon.colcon_core.event_handler.log_command:Invoked command in '/home/anik-fouzder/MT2026_TASK_ANIK-FOUZDER_AUTONOMOUS/build/turtlesim_astar_v_shitty' returned '0': CMAKE_PREFIX_PATH=${CMAKE_PREFIX_PATH}:/opt/ros/jazzy DEBUGINFOD_URLS=https://debuginfod.ubuntu.com /usr/bin/cmake /home/anik-fouzder/MT2026_TASK_ANIK-FOUZDER_AUTONOMOUS/src/turtlesim_astar_v_shitty -DCMAKE_INSTALL_PREFIX=/home/anik-fouzder/MT2026_TASK_ANIK-FOUZDER_AUTONOMOUS/install/turtlesim_astar_v_shitty
[3.668s] DEBUG:colcon.colcon_core.event_handler.log_command:Invoking command in '/home/anik-fouzder/MT2026_TASK_ANIK-FOUZDER_AUTONOMOUS/build/turtlesim_astar_v_shitty': CMAKE_PREFIX_PATH=${CMAKE_PREFIX_PATH}:/opt/ros/jazzy DEBUGINFOD_URLS=https://debuginfod.ubuntu.com /usr/bin/cmake --build /home/anik-fouzder/MT2026_TASK_ANIK-FOUZDER_AUTONOMOUS/build/turtlesim_astar_v_shitty -- -j4 -l4
[3.720s] DEBUG:colcon.colcon_core.event_handler.log_command:Invoked command in '/home/anik-fouzder/MT2026_TASK_ANIK-FOUZDER_AUTONOMOUS/build/turtlesim_astar_v_shitty' returned '0': CMAKE_PREFIX_PATH=${CMAKE_PREFIX_PATH}:/opt/ros/jazzy DEBUGINFOD_URLS=https://debuginfod.ubuntu.com /usr/bin/cmake --build /home/anik-fouzder/MT2026_TASK_ANIK-FOUZDER_AUTONOMOUS/build/turtlesim_astar_v_shitty -- -j4 -l4
[3.733s] DEBUG:colcon.colcon_core.event_handler.log_command:Invoking command in '/home/anik-fouzder/MT2026_TASK_ANIK-FOUZDER_AUTONOMOUS/build/turtlesim_astar_v_shitty': CMAKE_PREFIX_PATH=${CMAKE_PREFIX_PATH}:/opt/ros/jazzy DEBUGINFOD_URLS=https://debuginfod.ubuntu.com /usr/bin/cmake --install /home/anik-fouzder/MT2026_TASK_ANIK-FOUZDER_AUTONOMOUS/build/turtlesim_astar_v_shitty
[3.750s] Level 1:colcon.colcon_core.environment:create_environment_scripts_only(turtlesim_astar_v_shitty)
[3.750s] DEBUG:colcon.colcon_core.event_handler.log_command:Invoked command in '/home/anik-fouzder/MT2026_TASK_ANIK-FOUZDER_AUTONOMOUS/build/turtlesim_astar_v_shitty' returned '0': CMAKE_PREFIX_PATH=${CMAKE_PREFIX_PATH}:/opt/ros/jazzy DEBUGINFOD_URLS=https://debuginfod.ubuntu.com /usr/bin/cmake --install /home/anik-fouzder/MT2026_TASK_ANIK-FOUZDER_AUTONOMOUS/build/turtlesim_astar_v_shitty
[3.842s] Level 1:colcon.colcon_core.environment:checking '/home/anik-fouzder/MT2026_TASK_ANIK-FOUZDER_AUTONOMOUS/install/turtlesim_astar_v_shitty' for CMake module files
[3.846s] Level 1:colcon.colcon_core.environment:checking '/home/anik-fouzder/MT2026_TASK_ANIK-FOUZDER_AUTONOMOUS/install/turtlesim_astar_v_shitty' for CMake config files
[3.847s] Level 1:colcon.colcon_core.shell:create_environment_hook('turtlesim_astar_v_shitty', 'cmake_prefix_path')
[3.848s] INFO:colcon.colcon_core.shell:Creating environment hook '/home/anik-fouzder/MT2026_TASK_ANIK-FOUZDER_AUTONOMOUS/install/turtlesim_astar_v_shitty/share/turtlesim_astar_v_shitty/hook/cmake_prefix_path.ps1'
[3.865s] INFO:colcon.colcon_core.shell:Creating environment descriptor '/home/anik-fouzder/MT2026_TASK_ANIK-FOUZDER_AUTONOMOUS/install/turtlesim_astar_v_shitty/share/turtlesim_astar_v_shitty/hook/cmake_prefix_path.dsv'
[3.874s] INFO:colcon.colcon_core.shell:Creating environment hook '/home/anik-fouzder/MT2026_TASK_ANIK-FOUZDER_AUTONOMOUS/install/turtlesim_astar_v_shitty/share/turtlesim_astar_v_shitty/hook/cmake_prefix_path.sh'
[3.882s] Level 1:colcon.colcon_core.environment:checking '/home/anik-fouzder/MT2026_TASK_ANIK-FOUZDER_AUTONOMOUS/install/turtlesim_astar_v_shitty/bin'
[3.882s] Level 1:colcon.colcon_core.environment:checking '/home/anik-fouzder/MT2026_TASK_ANIK-FOUZDER_AUTONOMOUS/install/turtlesim_astar_v_shitty/lib/pkgconfig/turtlesim_astar_v_shitty.pc'
[3.884s] Level 1:colcon.colcon_core.environment:checking '/home/anik-fouzder/MT2026_TASK_ANIK-FOUZDER_AUTONOMOUS/install/turtlesim_astar_v_shitty/lib/python3.12/site-packages'
[3.886s] Level 1:colcon.colcon_core.environment:checking '/home/anik-fouzder/MT2026_TASK_ANIK-FOUZDER_AUTONOMOUS/install/turtlesim_astar_v_shitty/bin'
[3.888s] INFO:colcon.colcon_core.shell:Creating package script '/home/anik-fouzder/MT2026_TASK_ANIK-FOUZDER_AUTONOMOUS/install/turtlesim_astar_v_shitty/share/turtlesim_astar_v_shitty/package.ps1'
[3.893s] INFO:colcon.colcon_core.shell:Creating package descriptor '/home/anik-fouzder/MT2026_TASK_ANIK-FOUZDER_AUTONOMOUS/install/turtlesim_astar_v_shitty/share/turtlesim_astar_v_shitty/package.dsv'
[3.897s] INFO:colcon.colcon_core.shell:Creating package script '/home/anik-fouzder/MT2026_TASK_ANIK-FOUZDER_AUTONOMOUS/install/turtlesim_astar_v_shitty/share/turtlesim_astar_v_shitty/package.sh'
[3.902s] INFO:colcon.colcon_core.shell:Creating package script '/home/anik-fouzder/MT2026_TASK_ANIK-FOUZDER_AUTONOMOUS/install/turtlesim_astar_v_shitty/share/turtlesim_astar_v_shitty/package.bash'
[3.950s] INFO:colcon.colcon_core.shell:Creating package script '/home/anik-fouzder/MT2026_TASK_ANIK-FOUZDER_AUTONOMOUS/install/turtlesim_astar_v_shitty/share/turtlesim_astar_v_shitty/package.zsh'
[3.955s] Level 1:colcon.colcon_core.environment:create_file_with_runtime_dependencies(/home/anik-fouzder/MT2026_TASK_ANIK-FOUZDER_AUTONOMOUS/install/turtlesim_astar_v_shitty/share/colcon-core/packages/turtlesim_astar_v_shitty)
[3.959s] Level 1:colcon.colcon_core.environment:create_environment_scripts_only(turtlesim_astar_v_shitty)
[3.960s] Level 1:colcon.colcon_core.environment:checking '/home/anik-fouzder/MT2026_TASK_ANIK-FOUZDER_AUTONOMOUS/install/turtlesim_astar_v_shitty' for CMake module files
[3.963s] Level 1:colcon.colcon_core.environment:checking '/home/anik-fouzder/MT2026_TASK_ANIK-FOUZDER_AUTONOMOUS/install/turtlesim_astar_v_shitty' for CMake config files
[3.965s] Level 1:colcon.colcon_core.shell:create_environment_hook('turtlesim_astar_v_shitty', 'cmake_prefix_path')
[3.967s] INFO:colcon.colcon_core.shell:Creating environment hook '/home/anik-fouzder/MT2026_TASK_ANIK-FOUZDER_AUTONOMOUS/install/turtlesim_astar_v_shitty/share/turtlesim_astar_v_shitty/hook/cmake_prefix_path.ps1'
[3.971s] INFO:colcon.colcon_core.shell:Creating environment descriptor '/home/anik-fouzder/MT2026_TASK_ANIK-FOUZDER_AUTONOMOUS/install/turtlesim_astar_v_shitty/share/turtlesim_astar_v_shitty/hook/cmake_prefix_path.dsv'
[3.974s] INFO:colcon.colcon_core.shell:Creating environment hook '/home/anik-fouzder/MT2026_TASK_ANIK-FOUZDER_AUTONOMOUS/install/turtlesim_astar_v_shitty/share/turtlesim_astar_v_shitty/hook/cmake_prefix_path.sh'
[3.978s] Level 1:colcon.colcon_core.environment:checking '/home/anik-fouzder/MT2026_TASK_ANIK-FOUZDER_AUTONOMOUS/install/turtlesim_astar_v_shitty/bin'
[3.979s] Level 1:colcon.colcon_core.environment:checking '/home/anik-fouzder/MT2026_TASK_ANIK-FOUZDER_AUTONOMOUS/install/turtlesim_astar_v_shitty/lib/pkgconfig/turtlesim_astar_v_shitty.pc'
[3.980s] Level 1:colcon.colcon_core.environment:checking '/home/anik-fouzder/MT2026_TASK_ANIK-FOUZDER_AUTONOMOUS/install/turtlesim_astar_v_shitty/lib/python3.12/site-packages'
[3.981s] Level 1:colcon.colcon_core.environment:checking '/home/anik-fouzder/MT2026_TASK_ANIK-FOUZDER_AUTONOMOUS/install/turtlesim_astar_v_shitty/bin'
[3.982s] INFO:colcon.colcon_core.shell:Creating package script '/home/anik-fouzder/MT2026_TASK_ANIK-FOUZDER_AUTONOMOUS/install/turtlesim_astar_v_shitty/share/turtlesim_astar_v_shitty/package.ps1'
[3.984s] INFO:colcon.colcon_core.shell:Creating package descriptor '/home/anik-fouzder/MT2026_TASK_ANIK-FOUZDER_AUTONOMOUS/install/turtlesim_astar_v_shitty/share/turtlesim_astar_v_shitty/package.dsv'
[3.985s] INFO:colcon.colcon_core.shell:Creating package script '/home/anik-fouzder/MT2026_TASK_ANIK-FOUZDER_AUTONOMOUS/install/turtlesim_astar_v_shitty/share/turtlesim_astar_v_shitty/package.sh'
[3.986s] INFO:colcon.colcon_core.shell:Creating package script '/home/anik-fouzder/MT2026_TASK_ANIK-FOUZDER_AUTONOMOUS/install/turtlesim_astar_v_shitty/share/turtlesim_astar_v_shitty/package.bash'
[3.987s] INFO:colcon.colcon_core.shell:Creating package script '/home/anik-fouzder/MT2026_TASK_ANIK-FOUZDER_AUTONOMOUS/install/turtlesim_astar_v_shitty/share/turtlesim_astar_v_shitty/package.zsh'
[3.988s] Level 1:colcon.colcon_core.environment:create_file_with_runtime_dependencies(/home/anik-fouzder/MT2026_TASK_ANIK-FOUZDER_AUTONOMOUS/install/turtlesim_astar_v_shitty/share/colcon-core/packages/turtlesim_astar_v_shitty)
[3.988s] DEBUG:colcon.colcon_parallel_executor.executor.parallel:closing loop
[3.989s] DEBUG:colcon.colcon_parallel_executor.executor.parallel:loop closed
[3.989s] DEBUG:colcon.colcon_parallel_executor.executor.parallel:run_until_complete finished with '0'
[3.989s] DEBUG:colcon.colcon_core.event_reactor:joining thread
[4.036s] INFO:colcon.colcon_core.plugin_system:Skipping extension 'colcon_notification.desktop_notification.terminal_notifier': Not used on non-Darwin systems
[4.037s] INFO:colcon.colcon_core.plugin_system:Skipping extension 'colcon_notification.desktop_notification.win32': Not used on non-Windows systems
[4.037s] INFO:colcon.colcon_notification.desktop_notification:Sending desktop notification using 'notify2'
[4.088s] DEBUG:colcon.colcon_core.event_reactor:joined thread
[4.089s] INFO:colcon.colcon_core.shell:Creating prefix script '/home/anik-fouzder/MT2026_TASK_ANIK-FOUZDER_AUTONOMOUS/install/local_setup.ps1'
[4.090s] INFO:colcon.colcon_core.shell:Creating prefix util module '/home/anik-fouzder/MT2026_TASK_ANIK-FOUZDER_AUTONOMOUS/install/_local_setup_util_ps1.py'
[4.092s] INFO:colcon.colcon_core.shell:Creating prefix chain script '/home/anik-fouzder/MT2026_TASK_ANIK-FOUZDER_AUTONOMOUS/install/setup.ps1'
[4.093s] INFO:colcon.colcon_core.shell:Creating prefix script '/home/anik-fouzder/MT2026_TASK_ANIK-FOUZDER_AUTONOMOUS/install/local_setup.sh'
[4.094s] INFO:colcon.colcon_core.shell:Creating prefix util module '/home/anik-fouzder/MT2026_TASK_ANIK-FOUZDER_AUTONOMOUS/install/_local_setup_util_sh.py'
[4.095s] INFO:colcon.colcon_core.shell:Creating prefix chain script '/home/anik-fouzder/MT2026_TASK_ANIK-FOUZDER_AUTONOMOUS/install/setup.sh'
[4.097s] INFO:colcon.colcon_core.shell:Creating prefix script '/home/anik-fouzder/MT2026_TASK_ANIK-FOUZDER_AUTONOMOUS/install/local_setup.bash'
[4.098s] INFO:colcon.colcon_core.shell:Creating prefix chain script '/home/anik-fouzder/MT2026_TASK_ANIK-FOUZDER_AUTONOMOUS/install/setup.bash'
[4.099s] INFO:colcon.colcon_core.shell:Creating prefix script '/home/anik-fouzder/MT2026_TASK_ANIK-FOUZDER_AUTONOMOUS/install/local_setup.zsh'
[4.100s] INFO:colcon.colcon_core.shell:Creating prefix chain script '/home/anik-fouzder/MT2026_TASK_ANIK-FOUZDER_AUTONOMOUS/install/setup.zsh'
