-- The C compiler identification is GNU 13.3.0
-- The CXX compiler identification is GNU 13.3.0
-- Detecting C compiler ABI info
-- Detecting C compiler ABI info - done
-- Check for working C compiler: /usr/bin/cc - skipped
-- Detecting C compile features
-- Detecting C compile features - done
-- Detecting CXX compiler ABI info
-- Detecting CXX compiler ABI info - done
-- Check for working CXX compiler: /usr/bin/c++ - skipped
-- Detecting CXX compile features
-- Detecting CXX compile features - done
-- Found ament_cmake: 2.5.5 (/opt/ros/jazzy/share/ament_cmake/cmake)
-- Found Python3: /usr/bin/python3 (found version "3.12.3") found components: Interpreter 
-- Found ament_lint_auto: 0.17.4 (/opt/ros/jazzy/share/ament_lint_auto/cmake)
-- Added test 'lint_cmake' to check CMake code style
-- Added test 'xmllint' to check XML markup files
-- Configuring done (2.2s)
-- Generating done (0.0s)
-- Build files have been written to: /home/anik-fouzder/MT2026_TASK_ANIK-FOUZDER_AUTONOMOUS/build/turtlesim_astar_v_shitty
-- Install configuration: ""
-- Installing: /home/anik-fouzder/MT2026_TASK_ANIK-FOUZDER_AUTONOMOUS/install/turtlesim_astar_v_shitty/share/ament_index/resource_index/package_run_dependencies/turtlesim_astar_v_shitty
-- Installing: /home/anik-fouzder/MT2026_TASK_ANIK-FOUZDER_AUTONOMOUS/install/turtlesim_astar_v_shitty/share/ament_index/resource_index/parent_prefix_path/turtlesim_astar_v_shitty
-- Installing: /home/anik-fouzder/MT2026_TASK_ANIK-FOUZDER_AUTONOMOUS/install/turtlesim_astar_v_shitty/share/turtlesim_astar_v_shitty/environment/ament_prefix_path.sh
-- Installing: /home/anik-fouzder/MT2026_TASK_ANIK-FOUZDER_AUTONOMOUS/install/turtlesim_astar_v_shitty/share/turtlesim_astar_v_shitty/environment/ament_prefix_path.dsv
-- Installing: /home/anik-fouzder/MT2026_TASK_ANIK-FOUZDER_AUTONOMOUS/install/turtlesim_astar_v_shitty/share/turtlesim_astar_v_shitty/environment/path.sh
-- Installing: /home/anik-fouzder/MT2026_TASK_ANIK-FOUZDER_AUTONOMOUS/install/turtlesim_astar_v_shitty/share/turtlesim_astar_v_shitty/environment/path.dsv
-- Installing: /home/anik-fouzder/MT2026_TASK_ANIK-FOUZDER_AUTONOMOUS/install/turtlesim_astar_v_shitty/share/turtlesim_astar_v_shitty/local_setup.bash
-- Installing: /home/anik-fouzder/MT2026_TASK_ANIK-FOUZDER_AUTONOMOUS/install/turtlesim_astar_v_shitty/share/turtlesim_astar_v_shitty/local_setup.sh
-- Installing: /home/anik-fouzder/MT2026_TASK_ANIK-FOUZDER_AUTONOMOUS/install/turtlesim_astar_v_shitty/share/turtlesim_astar_v_shitty/local_setup.zsh
-- Installing: /home/anik-fouzder/MT2026_TASK_ANIK-FOUZDER_AUTONOMOUS/install/turtlesim_astar_v_shitty/share/turtlesim_astar_v_shitty/local_setup.dsv
-- Installing: /home/anik-fouzder/MT2026_TASK_ANIK-FOUZDER_AUTONOMOUS/install/turtlesim_astar_v_shitty/share/turtlesim_astar_v_shitty/package.dsv
-- Installing: /home/anik-fouzder/MT2026_TASK_ANIK-FOUZDER_AUTONOMOUS/install/turtlesim_astar_v_shitty/share/ament_index/resource_index/packages/turtlesim_astar_v_shitty
-- Installing: /home/anik-fouzder/MT2026_TASK_ANIK-FOUZDER_AUTONOMOUS/install/turtlesim_astar_v_shitty/share/turtlesim_astar_v_shitty/cmake/turtlesim_astar_v_shittyConfig.cmake
-- Installing: /home/anik-fouzder/MT2026_TASK_ANIK-FOUZDER_AUTONOMOUS/install/turtlesim_astar_v_shitty/share/turtlesim_astar_v_shitty/cmake/turtlesim_astar_v_shittyConfig-version.cmake
-- Installing: /home/anik-fouzder/MT2026_TASK_ANIK-FOUZDER_AUTONOMOUS/install/turtlesim_astar_v_shitty/share/turtlesim_astar_v_shitty/package.xml
